Archive member included to satisfy reference by file (symbol)

.\CortexM0\ARM_GCC_541\Debug\STONE_VOICE_2021.a(CapSense_CSD.o)
                              .\CortexM0\ARM_GCC_541\Debug\main.o (CapSense_CSD_Start)
.\CortexM0\ARM_GCC_541\Debug\STONE_VOICE_2021.a(CapSense_CSD_CSHL.o)
                              .\CortexM0\ARM_GCC_541\Debug\STONE_VOICE_2021.a(CapSense_CSD.o) (CapSense_CSD_rawDataIndex)
.\CortexM0\ARM_GCC_541\Debug\STONE_VOICE_2021.a(CapSense_CSD_INT.o)
                              .\CortexM0\ARM_GCC_541\Debug\STONE_VOICE_2021.a(CapSense_CSD.o) (CapSense_CSD_ISR)
.\CortexM0\ARM_GCC_541\Debug\STONE_VOICE_2021.a(LED_CONTROL.o)
                              .\CortexM0\ARM_GCC_541\Debug\main.o (LED_CONTROL_WriteCompare)
.\CortexM0\ARM_GCC_541\Debug\STONE_VOICE_2021.a(SW_Tx_UART_1.o)
                              .\CortexM0\ARM_GCC_541\Debug\main.o (SW_Tx_UART_1_Start)
.\CortexM0\ARM_GCC_541\Debug\STONE_VOICE_2021.a(CapSense_CSD_SampleClk.o)
                              .\CortexM0\ARM_GCC_541\Debug\STONE_VOICE_2021.a(CapSense_CSD.o) (CapSense_CSD_SampleClk_Start)
.\CortexM0\ARM_GCC_541\Debug\STONE_VOICE_2021.a(CapSense_CSD_SenseClk.o)
                              .\CortexM0\ARM_GCC_541\Debug\STONE_VOICE_2021.a(CapSense_CSD.o) (CapSense_CSD_SenseClk_Start)
.\CortexM0\ARM_GCC_541\Debug\STONE_VOICE_2021.a(CyLib.o)
                              .\CortexM0\ARM_GCC_541\Debug\cyfitter_cfg.o (CySysClkWriteImoFreq)
.\CortexM0\ARM_GCC_541\Debug\STONE_VOICE_2021.a(SW_Tx_UART_1_AsmGnu.o)
                              .\CortexM0\ARM_GCC_541\Debug\main.o (SW_Tx_UART_1_PutChar)
.\CortexM0\ARM_GCC_541\Debug\STONE_VOICE_2021.a(CyBootAsmGnu.o)
                              .\CortexM0\ARM_GCC_541\Debug\STONE_VOICE_2021.a(CapSense_CSD.o) (CyDelayCycles)
c:/program files (x86)/cypress/psoc creator/4.3/psoc creator/import/gnu/arm/5.4.1/bin/../lib/gcc/arm-none-eabi/5.4.1/armv6-m\libgcc.a(_udivsi3.o)
                              .\CortexM0\ARM_GCC_541\Debug\STONE_VOICE_2021.a(CapSense_CSD.o) (__aeabi_uidiv)
c:/program files (x86)/cypress/psoc creator/4.3/psoc creator/import/gnu/arm/5.4.1/bin/../lib/gcc/arm-none-eabi/5.4.1/armv6-m\libgcc.a(_dvmd_tls.o)
                              c:/program files (x86)/cypress/psoc creator/4.3/psoc creator/import/gnu/arm/5.4.1/bin/../lib/gcc/arm-none-eabi/5.4.1/armv6-m\libgcc.a(_udivsi3.o) (__aeabi_idiv0)
c:/program files (x86)/cypress/psoc creator/4.3/psoc creator/import/gnu/arm/5.4.1/bin/../lib/gcc/arm-none-eabi/5.4.1/armv6-m\libgcc.a(_fixunsdfsi.o)
                              .\CortexM0\ARM_GCC_541\Debug\main.o (__aeabi_d2uiz)
c:/program files (x86)/cypress/psoc creator/4.3/psoc creator/import/gnu/arm/5.4.1/bin/../lib/gcc/arm-none-eabi/5.4.1/armv6-m\libgcc.a(muldf3.o)
                              .\CortexM0\ARM_GCC_541\Debug\main.o (__aeabi_dmul)
c:/program files (x86)/cypress/psoc creator/4.3/psoc creator/import/gnu/arm/5.4.1/bin/../lib/gcc/arm-none-eabi/5.4.1/armv6-m\libgcc.a(subdf3.o)
                              c:/program files (x86)/cypress/psoc creator/4.3/psoc creator/import/gnu/arm/5.4.1/bin/../lib/gcc/arm-none-eabi/5.4.1/armv6-m\libgcc.a(_fixunsdfsi.o) (__aeabi_dsub)
c:/program files (x86)/cypress/psoc creator/4.3/psoc creator/import/gnu/arm/5.4.1/bin/../lib/gcc/arm-none-eabi/5.4.1/armv6-m\libgcc.a(fixdfsi.o)
                              c:/program files (x86)/cypress/psoc creator/4.3/psoc creator/import/gnu/arm/5.4.1/bin/../lib/gcc/arm-none-eabi/5.4.1/armv6-m\libgcc.a(_fixunsdfsi.o) (__aeabi_d2iz)
c:/program files (x86)/cypress/psoc creator/4.3/psoc creator/import/gnu/arm/5.4.1/bin/../lib/gcc/arm-none-eabi/5.4.1/armv6-m\libgcc.a(floatunsidf.o)
                              .\CortexM0\ARM_GCC_541\Debug\main.o (__aeabi_ui2d)
c:/program files (x86)/cypress/psoc creator/4.3/psoc creator/import/gnu/arm/5.4.1/bin/../lib/gcc/arm-none-eabi/5.4.1/armv6-m\libgcc.a(_arm_cmpdf2.o)
                              c:/program files (x86)/cypress/psoc creator/4.3/psoc creator/import/gnu/arm/5.4.1/bin/../lib/gcc/arm-none-eabi/5.4.1/armv6-m\libgcc.a(_fixunsdfsi.o) (__aeabi_dcmpge)
c:/program files (x86)/cypress/psoc creator/4.3/psoc creator/import/gnu/arm/5.4.1/bin/../lib/gcc/arm-none-eabi/5.4.1/armv6-m\libgcc.a(_clzsi2.o)
                              c:/program files (x86)/cypress/psoc creator/4.3/psoc creator/import/gnu/arm/5.4.1/bin/../lib/gcc/arm-none-eabi/5.4.1/armv6-m\libgcc.a(muldf3.o) (__clzsi2)
c:/program files (x86)/cypress/psoc creator/4.3/psoc creator/import/gnu/arm/5.4.1/bin/../lib/gcc/arm-none-eabi/5.4.1/armv6-m\libgcc.a(eqdf2.o)
                              c:/program files (x86)/cypress/psoc creator/4.3/psoc creator/import/gnu/arm/5.4.1/bin/../lib/gcc/arm-none-eabi/5.4.1/armv6-m\libgcc.a(_arm_cmpdf2.o) (__eqdf2)
c:/program files (x86)/cypress/psoc creator/4.3/psoc creator/import/gnu/arm/5.4.1/bin/../lib/gcc/arm-none-eabi/5.4.1/armv6-m\libgcc.a(gedf2.o)
[...]
Memory Configuration

Name             Origin             Length             Attributes
rom              0x00000000         0x00008000         xr
ram              0x20000000         0x00001000         xrw
*default*        0x00000000         0xffffffff

Linker script and memory map

LOAD c:/program files (x86)/cypress/psoc creator/4.3/psoc creator/import/gnu/arm/5.4.1/bin/../lib/gcc/arm-none-eabi/5.4.1/armv6-m/crti.o
LOAD c:/program files (x86)/cypress/psoc creator/4.3/psoc creator/import/gnu/arm/5.4.1/bin/../lib/gcc/arm-none-eabi/5.4.1/armv6-m/crtbegin.o
LOAD c:/program files (x86)/cypress/psoc creator/4.3/psoc creator/import/gnu/arm/5.4.1/bin/../lib/gcc/arm-none-eabi/5.4.1/../../../../arm-none-eabi/lib/armv6-m/crt0.o
START GROUP
LOAD .\CortexM0\ARM_GCC_541\Debug\main.o
LOAD .\CortexM0\ARM_GCC_541\Debug\cyfitter_cfg.o
LOAD .\CortexM0\ARM_GCC_541\Debug\cymetadata.o
LOAD .\CortexM0\ARM_GCC_541\Debug\Cm0Start.o
LOAD .\CortexM0\ARM_GCC_541\Debug\STONE_VOICE_2021.a
LOAD C:\Program Files (x86)\Cypress\PSoC Creator\4.3\PSoC Creator\psoc\content\CyComponentLibrary\CyComponentLibrary.cylib\CapSense_CSD_P4_v2_60\PSoC4\Library\CapsenseP4Library_GCC.a
END GROUP
START GROUP
LOAD c:/program files (x86)/cypress/psoc creator/4.3/psoc creator/import/gnu/arm/5.4.1/bin/../lib/gcc/arm-none-eabi/5.4.1/armv6-m\libgcc.a
LOAD c:/program files (x86)/cypress/psoc creator/4.3/psoc creator/import/gnu/arm/5.4.1/bin/../lib/gcc/arm-none-eabi/5.4.1/../../../../arm-none-eabi/lib/armv6-m\libg_nano.a
LOAD c:/program files (x86)/cypress/psoc creator/4.3/psoc creator/import/gnu/arm/5.4.1/bin/../lib/gcc/arm-none-eabi/5.4.1/../../../../arm-none-eabi/lib/armv6-m\libc_nano.a
END GROUP
START GROUP
LOAD c:/program files (x86)/cypress/psoc creator/4.3/psoc creator/import/gnu/arm/5.4.1/bin/../lib/gcc/arm-none-eabi/5.4.1/armv6-m\libgcc.a
LOAD c:/program files (x86)/cypress/psoc creator/4.3/psoc creator/import/gnu/arm/5.4.1/bin/../lib/gcc/arm-none-eabi/5.4.1/../../../../arm-none-eabi/lib/armv6-m\libc_nano.a
END GROUP
LOAD c:/program files (x86)/cypress/psoc creator/4.3/psoc creator/import/gnu/arm/5.4.1/bin/../lib/gcc/arm-none-eabi/5.4.1/armv6-m/crtend.o
LOAD c:/program files (x86)/cypress/psoc creator/4.3/psoc creator/import/gnu/arm/5.4.1/bin/../lib/gcc/arm-none-eabi/5.4.1/armv6-m/crtn.o
START GROUP
LOAD c:/program files (x86)/cypress/psoc creator/4.3/psoc creator/import/gnu/arm/5.4.1/bin/../lib/gcc/arm-none-eabi/5.4.1/armv6-m\libgcc.a
LOAD c:/program files (x86)/cypress/psoc creator/4.3/psoc creator/import/gnu/arm/5.4.1/bin/../lib/gcc/arm-none-eabi/5.4.1/../../../../arm-none-eabi/lib/armv6-m\libc.a
LOAD c:/program files (x86)/cypress/psoc creator/4.3/psoc creator/import/gnu/arm/5.4.1/bin/../lib/gcc/arm-none-eabi/5.4.1/../../../../arm-none-eabi/lib/armv6-m\libnosys.a
END GROUP
                0x00000000                CY_APPL_ORIGIN = 0x0
                0x00000080                CY_FLASH_ROW_SIZE = 0x80
                0x00000001                CY_APPL_NUM = 0x1
                0x00000001                CY_APPL_MAX = 0x1
                0x00000040                CY_METADATA_SIZE = 0x40
                0x00000000                CY_APPL_LOADABLE = 0x0
                0x00000000                CY_CHECKSUM_EXCLUDE_SIZE = ALIGN (0x0, CY_FLASH_ROW_SIZE)
                0x00000000                CY_APP_FOR_STACK_AND_COPIER = 0x0
                [!provide]                PROVIDE (__cy_heap_start, _end)
                0x00000001                PROVIDE (__cy_region_num, ((__cy_regions_end - __cy_regions) / 0x10))
                0x20001000                PROVIDE (__cy_stack, (ORIGIN (ram) + LENGTH (ram)))
                [!provide]                PROVIDE (__cy_heap_end, (__cy_stack - 0x400))

.cybootloader   0x00000000        0x0
 *(.cybootloader)
                0x00000000                appl1_start = CY_APPL_ORIGIN?CY_APPL_ORIGIN:ALIGN (CY_FLASH_ROW_SIZE)
                0x00003f80                appl2_start = (appl1_start + ALIGN ((((LENGTH (rom) - appl1_start) - (0x2 * CY_FLASH_ROW_SIZE)) / 0x2), CY_FLASH_ROW_SIZE))
                0x00000000                appl_start = (CY_APPL_NUM == 0x1)?appl1_start:appl2_start
                0x00000001                cy_project_type_bootloader = (appl_start == 0x0)?0x1:0x0
                0x00000000                cy_project_type_app_for_stack_and_copier = (CY_APP_FOR_STACK_AND_COPIER == 0x1)?0x1:0x0

.text           0x00000000     0x2f20
 CREATE_OBJECT_SYMBOLS
                0x00000000                PROVIDE (__cy_interrupt_vector, RomVectors)
 *(.romvectors)
 .romvectors    0x00000000       0x10 .\CortexM0\ARM_GCC_541\Debug\Cm0Start.o
                0x00000000                RomVectors
                0x00000001                ASSERT ((. != __cy_interrupt_vector), No interrupt vector)
                0x00000001                ASSERT (CY_APPL_ORIGIN?(SIZEOF (.cybootloader) <= CY_APPL_ORIGIN):0x1, Wrong image location)
                0x00000010                PROVIDE (__cy_reset, Reset)
 *(.text.Reset)
 .text.Reset    0x00000010        0x8 .\CortexM0\ARM_GCC_541\Debug\Cm0Start.o
                0x00000010                Reset
                0x00000001                ASSERT ((. != __cy_reset), No reset code)
 *(.psocinit)
 .psocinit      0x00000018      0x234 .\CortexM0\ARM_GCC_541\Debug\cyfitter_cfg.o
                0x000000bc                cyfitter_cfg
                0x0000024c                . = MAX (., 0x100)
 *(.text .text.* .gnu.linkonce.t.*)
 .text          0x0000024c       0x60 c:/program files (x86)/cypress/psoc creator/4.3/psoc creator/import/gnu/arm/5.4.1/bin/../lib/gcc/arm-none-eabi/5.4.1/armv6-m/crtbegin.o
 .text.main     0x000002ac      0x158 .\CortexM0\ARM_GCC_541\Debug\main.o
                0x000002ac                main
 .text.CYMEMZERO
                0x00000404       0x20 .\CortexM0\ARM_GCC_541\Debug\cyfitter_cfg.o
 .text.cfg_write_bytes32
                0x00000424       0x84 .\CortexM0\ARM_GCC_541\Debug\cyfitter_cfg.o
 .text.AnalogSetDefault
                0x000004a8       0x10 .\CortexM0\ARM_GCC_541\Debug\cyfitter_cfg.o
 .text.SetAnalogRoutingPumps
                0x000004b8       0x70 .\CortexM0\ARM_GCC_541\Debug\cyfitter_cfg.o
                0x000004b8                SetAnalogRoutingPumps
 .text.IntDefaultHandler
                0x00000528       0x14 .\CortexM0\ARM_GCC_541\Debug\Cm0Start.o
                0x00000528                IntDefaultHandler
 .text.Start_c  0x0000053c       0x98 .\CortexM0\ARM_GCC_541\Debug\Cm0Start.o
                0x0000053c                Start_c
 .text.initialize_psoc
                0x000005d4       0x64 .\CortexM0\ARM_GCC_541\Debug\Cm0Start.o
                0x000005d4                initialize_psoc
 .text.CapSense_CSD_Init
                0x00000638       0x38 .\CortexM0\ARM_GCC_541\Debug\STONE_VOICE_2021.a(CapSense_CSD.o)
                0x00000638                CapSense_CSD_Init
 .text.CapSense_CSD_CsdHwBlockInit
                0x00000670       0xc4 .\CortexM0\ARM_GCC_541\Debug\STONE_VOICE_2021.a(CapSense_CSD.o)
                0x00000670                CapSense_CSD_CsdHwBlockInit
 .text.CapSense_CSD_Enable
                0x00000734       0x50 .\CortexM0\ARM_GCC_541\Debug\STONE_VOICE_2021.a(CapSense_CSD.o)
                0x00000734                CapSense_CSD_Enable
 .text.CapSense_CSD_Start
                0x00000784       0xf8 .\CortexM0\ARM_GCC_541\Debug\STONE_VOICE_2021.a(CapSense_CSD.o)
                0x00000784                CapSense_CSD_Start
 .text.CapSense_CSD_FindNextSensor
                0x0000087c       0x4c .\CortexM0\ARM_GCC_541\Debug\STONE_VOICE_2021.a(CapSense_CSD.o)
                0x0000087c                CapSense_CSD_FindNextSensor
 .text.CapSense_CSD_ScanSensor
                0x000008c8       0x34 .\CortexM0\ARM_GCC_541\Debug\STONE_VOICE_2021.a(CapSense_CSD.o)
                0x000008c8                CapSense_CSD_ScanSensor
 .text.CapSense_CSD_ScanEnabledWidgets
                0x000008fc       0x58 .\CortexM0\ARM_GCC_541\Debug\STONE_VOICE_2021.a(CapSense_CSD.o)
                0x000008fc                CapSense_CSD_ScanEnabledWidgets
 .text.CapSense_CSD_IsBusy
                0x00000954       0x1c .\CortexM0\ARM_GCC_541\Debug\STONE_VOICE_2021.a(CapSense_CSD.o)
                0x00000954                CapSense_CSD_IsBusy
 .text.CapSense_CSD_ReadSensorRaw
                0x00000970       0x1c .\CortexM0\ARM_GCC_541\Debug\STONE_VOICE_2021.a(CapSense_CSD.o)
                0x00000970                CapSense_CSD_ReadSensorRaw
 .text.CapSense_CSD_SetScanResolution
                0x0000098c       0x20 .\CortexM0\ARM_GCC_541\Debug\STONE_VOICE_2021.a(CapSense_CSD.o)
                0x0000098c                CapSense_CSD_SetScanResolution
 .text.CapSense_CSD_ClearSensors
                0x000009ac       0x28 .\CortexM0\ARM_GCC_541\Debug\STONE_VOICE_2021.a(CapSense_CSD.o)
                0x000009ac                CapSense_CSD_ClearSensors
 .text.CapSense_CSD_EnableSensor
                0x000009d4       0xcc .\CortexM0\ARM_GCC_541\Debug\STONE_VOICE_2021.a(CapSense_CSD.o)
                0x000009d4                CapSense_CSD_EnableSensor
 .text.CapSense_CSD_DisableSensor
                0x00000aa0      0x11c .\CortexM0\ARM_GCC_541\Debug\STONE_VOICE_2021.a(CapSense_CSD.o)
                0x00000aa0                CapSense_CSD_DisableSensor
 .text.CapSense_CSD_PreScan
                0x00000bbc      0x194 .\CortexM0\ARM_GCC_541\Debug\STONE_VOICE_2021.a(CapSense_CSD.o)
                0x00000bbc                CapSense_CSD_PreScan
 .text.CapSense_CSD_PostScan
                0x00000d50       0x74 .\CortexM0\ARM_GCC_541\Debug\STONE_VOICE_2021.a(CapSense_CSD.o)
                0x00000d50                CapSense_CSD_PostScan
 .text.CapSense_CSD_SetShieldDelay
                0x00000dc4       0x34 .\CortexM0\ARM_GCC_541\Debug\STONE_VOICE_2021.a(CapSense_CSD.o)
                0x00000dc4                CapSense_CSD_SetShieldDelay
 .text.CapSense_CSD_GetBitValue
                0x00000df8       0x44 .\CortexM0\ARM_GCC_541\Debug\STONE_VOICE_2021.a(CapSense_CSD.o)
                0x00000df8                CapSense_CSD_GetBitValue
 .text.CapSense_CSD_SetBitValue
                0x00000e3c       0x6c .\CortexM0\ARM_GCC_541\Debug\STONE_VOICE_2021.a(CapSense_CSD.o)
                0x00000e3c                CapSense_CSD_SetBitValue
 .text.CapSense_CSD_GetSensorRaw
                0x00000ea8       0x50 .\CortexM0\ARM_GCC_541\Debug\STONE_VOICE_2021.a(CapSense_CSD.o)
                0x00000ea8                CapSense_CSD_GetSensorRaw
 .text.CapSense_CSD_CalibrateSensor
                0x00000ef8       0x9c .\CortexM0\ARM_GCC_541\Debug\STONE_VOICE_2021.a(CapSense_CSD.o)
                0x00000ef8                CapSense_CSD_CalibrateSensor
 .text.CapSense_CSD_SetUnscannedSensorState
                0x00000f94       0x24 .\CortexM0\ARM_GCC_541\Debug\STONE_VOICE_2021.a(CapSense_CSD.o)
                0x00000f94                CapSense_CSD_SetUnscannedSensorState
 .text.CapSense_CSD_BaseInit
                0x00000fb8       0x9c .\CortexM0\ARM_GCC_541\Debug\STONE_VOICE_2021.a(CapSense_CSD_CSHL.o)
                0x00000fb8                CapSense_CSD_BaseInit
 .text.CapSense_CSD_InitializeSensorBaseline
                0x00001054       0x2c .\CortexM0\ARM_GCC_541\Debug\STONE_VOICE_2021.a(CapSense_CSD_CSHL.o)
                0x00001054                CapSense_CSD_InitializeSensorBaseline
 .text.CapSense_CSD_InitializeAllBaselines
                0x00001080       0x28 .\CortexM0\ARM_GCC_541\Debug\STONE_VOICE_2021.a(CapSense_CSD_CSHL.o)
                0x00001080                CapSense_CSD_InitializeAllBaselines
 .text.CapSense_CSD_UpdateBaselineNoThreshold
                0x000010a8      0x200 .\CortexM0\ARM_GCC_541\Debug\STONE_VOICE_2021.a(CapSense_CSD_CSHL.o)
                0x000010a8                CapSense_CSD_UpdateBaselineNoThreshold
 .text.CapSense_CSD_UpdateSensorBaseline
                0x000012a8       0x18 .\CortexM0\ARM_GCC_541\Debug\STONE_VOICE_2021.a(CapSense_CSD_CSHL.o)
                0x000012a8                CapSense_CSD_UpdateSensorBaseline
 .text.CapSense_CSD_UpdateEnabledBaselines
                0x000012c0       0x44 .\CortexM0\ARM_GCC_541\Debug\STONE_VOICE_2021.a(CapSense_CSD_CSHL.o)
                0x000012c0                CapSense_CSD_UpdateEnabledBaselines
 .text.CapSense_CSD_GetDiffCountData
                0x00001304       0x1c .\CortexM0\ARM_GCC_541\Debug\STONE_VOICE_2021.a(CapSense_CSD_CSHL.o)
                0x00001304                CapSense_CSD_GetDiffCountData
 .text.CapSense_CSD_CheckIsSensorActive
                0x00001320      0x134 .\CortexM0\ARM_GCC_541\Debug\STONE_VOICE_2021.a(CapSense_CSD_CSHL.o)
                0x00001320                CapSense_CSD_CheckIsSensorActive
 .text.CapSense_CSD_CheckIsWidgetActive
                0x00001454       0x58 .\CortexM0\ARM_GCC_541\Debug\STONE_VOICE_2021.a(CapSense_CSD_CSHL.o)
                0x00001454                CapSense_CSD_CheckIsWidgetActive
 .text.CapSense_CSD_MedianFilter
                0x000014ac       0x78 .\CortexM0\ARM_GCC_541\Debug\STONE_VOICE_2021.a(CapSense_CSD_CSHL.o)
                0x000014ac                CapSense_CSD_MedianFilter
 .text.CapSense_CSD_ISR
                0x00001524       0xd8 .\CortexM0\ARM_GCC_541\Debug\STONE_VOICE_2021.a(CapSense_CSD_INT.o)
                0x00001524                CapSense_CSD_ISR
 .text.LED_CONTROL_Init
                0x000015fc       0x58 .\CortexM0\ARM_GCC_541\Debug\STONE_VOICE_2021.a(LED_CONTROL.o)
                0x000015fc                LED_CONTROL_Init
 .text.LED_CONTROL_Enable
                0x00001654       0x3c .\CortexM0\ARM_GCC_541\Debug\STONE_VOICE_2021.a(LED_CONTROL.o)
                0x00001654                LED_CONTROL_Enable
 .text.LED_CONTROL_Start
                0x00001690       0x24 .\CortexM0\ARM_GCC_541\Debug\STONE_VOICE_2021.a(LED_CONTROL.o)
                0x00001690                LED_CONTROL_Start
 .text.LED_CONTROL_WriteCounter
                0x000016b4       0x20 .\CortexM0\ARM_GCC_541\Debug\STONE_VOICE_2021.a(LED_CONTROL.o)
                0x000016b4                LED_CONTROL_WriteCounter
 .text.LED_CONTROL_WritePeriod
                0x000016d4       0x20 .\CortexM0\ARM_GCC_541\Debug\STONE_VOICE_2021.a(LED_CONTROL.o)
                0x000016d4                LED_CONTROL_WritePeriod
 .text.LED_CONTROL_WriteCompare
                0x000016f4       0x20 .\CortexM0\ARM_GCC_541\Debug\STONE_VOICE_2021.a(LED_CONTROL.o)
                0x000016f4                LED_CONTROL_WriteCompare
 .text.LED_CONTROL_TriggerCommand
                0x00001714       0x3c .\CortexM0\ARM_GCC_541\Debug\STONE_VOICE_2021.a(LED_CONTROL.o)
                0x00001714                LED_CONTROL_TriggerCommand
 .text.LED_CONTROL_SetInterruptMode
                0x00001750       0x1c .\CortexM0\ARM_GCC_541\Debug\STONE_VOICE_2021.a(LED_CONTROL.o)
                0x00001750                LED_CONTROL_SetInterruptMode
 .text.SW_Tx_UART_1_Start
                0x0000176c        0xc .\CortexM0\ARM_GCC_541\Debug\STONE_VOICE_2021.a(SW_Tx_UART_1.o)
                0x0000176c                SW_Tx_UART_1_Start
 .text.SW_Tx_UART_1_PutString
                0x00001778       0x5c .\CortexM0\ARM_GCC_541\Debug\STONE_VOICE_2021.a(SW_Tx_UART_1.o)
                0x00001778                SW_Tx_UART_1_PutString
 .text.SW_Tx_UART_1_PutCRLF
                0x000017d4       0x18 .\CortexM0\ARM_GCC_541\Debug\STONE_VOICE_2021.a(SW_Tx_UART_1.o)
                0x000017d4                SW_Tx_UART_1_PutCRLF
 .text.CapSense_CSD_SampleClk_Start
                0x000017ec       0x1c .\CortexM0\ARM_GCC_541\Debug\STONE_VOICE_2021.a(CapSense_CSD_SampleClk.o)
                0x000017ec                CapSense_CSD_SampleClk_Start
 .text.CapSense_CSD_SampleClk_Stop
                0x00001808       0x1c .\CortexM0\ARM_GCC_541\Debug\STONE_VOICE_2021.a(CapSense_CSD_SampleClk.o)
                0x00001808                CapSense_CSD_SampleClk_Stop
 .text.CapSense_CSD_SampleClk_SetFractionalDividerRegister
                0x00001824       0x38 .\CortexM0\ARM_GCC_541\Debug\STONE_VOICE_2021.a(CapSense_CSD_SampleClk.o)
                0x00001824                CapSense_CSD_SampleClk_SetFractionalDividerRegister
 .text.CapSense_CSD_SenseClk_Start
                0x0000185c       0x1c .\CortexM0\ARM_GCC_541\Debug\STONE_VOICE_2021.a(CapSense_CSD_SenseClk.o)
                0x0000185c                CapSense_CSD_SenseClk_Start
 .text.CapSense_CSD_SenseClk_Stop
                0x00001878       0x1c .\CortexM0\ARM_GCC_541\Debug\STONE_VOICE_2021.a(CapSense_CSD_SenseClk.o)
                0x00001878                CapSense_CSD_SenseClk_Stop
 .text.CapSense_CSD_SenseClk_SetFractionalDividerRegister
                0x00001894       0x38 .\CortexM0\ARM_GCC_541\Debug\STONE_VOICE_2021.a(CapSense_CSD_SenseClk.o)
                0x00001894                CapSense_CSD_SenseClk_SetFractionalDividerRegister
 .text.CySysClkWriteImoFreq
                0x000018cc      0x1ec .\CortexM0\ARM_GCC_541\Debug\STONE_VOICE_2021.a(CyLib.o)
                0x000018cc                CySysClkWriteImoFreq
 .text.CyIntSetVector
                0x00001ab8       0x4c .\CortexM0\ARM_GCC_541\Debug\STONE_VOICE_2021.a(CyLib.o)
                0x00001ab8                CyIntSetVector
 .text.CyIntSetPriority
                0x00001b04       0xa8 .\CortexM0\ARM_GCC_541\Debug\STONE_VOICE_2021.a(CyLib.o)
                0x00001b04                CyIntSetPriority
 .text.CyIntEnable
                0x00001bac       0x2c .\CortexM0\ARM_GCC_541\Debug\STONE_VOICE_2021.a(CyLib.o)
                0x00001bac                CyIntEnable
 .text.CyIntDisable
                0x00001bd8       0x2c .\CortexM0\ARM_GCC_541\Debug\STONE_VOICE_2021.a(CyLib.o)
                0x00001bd8                CyIntDisable
 .text.CyHalt   0x00001c04       0x18 .\CortexM0\ARM_GCC_541\Debug\STONE_VOICE_2021.a(CyLib.o)
                0x00001c04                CyHalt
 .text.CyDelayUs
                0x00001c1c       0x28 .\CortexM0\ARM_GCC_541\Debug\STONE_VOICE_2021.a(CyLib.o)
                0x00001c1c                CyDelayUs
 *fill*         0x00001c44       0x1c 
 .text          0x00001c60       0xd4 .\CortexM0\ARM_GCC_541\Debug\STONE_VOICE_2021.a(SW_Tx_UART_1_AsmGnu.o)
                0x00001c60                SW_Tx_UART_1_PutChar
 *fill*         0x00001d34        0x4 
 .text          0x00001d38       0x24 .\CortexM0\ARM_GCC_541\Debug\STONE_VOICE_2021.a(CyBootAsmGnu.o)
                0x00001d38                CyDelayCycles
                0x00001d4c                CyEnterCriticalSection
                0x00001d54                CyExitCriticalSection
 .text          0x00001d5c      0x114 c:/program files (x86)/cypress/psoc creator/4.3/psoc creator/import/gnu/arm/5.4.1/bin/../lib/gcc/arm-none-eabi/5.4.1/armv6-m\libgcc.a(_udivsi3.o)
                0x00001d5c                __aeabi_uidiv
                0x00001d5c                __udivsi3
                0x00001e68                __aeabi_uidivmod
 .text          0x00001e70        0x4 c:/program files (x86)/cypress/psoc creator/4.3/psoc creator/import/gnu/arm/5.4.1/bin/../lib/gcc/arm-none-eabi/5.4.1/armv6-m\libgcc.a(_dvmd_tls.o)
                0x00001e70                __aeabi_idiv0
                0x00001e70                __aeabi_ldiv0
 .text          0x00001e74       0x3c c:/program files (x86)/cypress/psoc creator/4.3/psoc creator/import/gnu/arm/5.4.1/bin/../lib/gcc/arm-none-eabi/5.4.1/armv6-m\libgcc.a(_fixunsdfsi.o)
                0x00001e74                __aeabi_d2uiz
                0x00001e74                __fixunsdfsi
 .text          0x00001eb0      0x4f4 c:/program files (x86)/cypress/psoc creator/4.3/psoc creator/import/gnu/arm/5.4.1/bin/../lib/gcc/arm-none-eabi/5.4.1/armv6-m\libgcc.a(muldf3.o)
                0x00001eb0                __aeabi_dmul
 .text          0x000023a4      0x6a8 c:/program files (x86)/cypress/psoc creator/4.3/psoc creator/import/gnu/arm/5.4.1/bin/../lib/gcc/arm-none-eabi/5.4.1/armv6-m\libgcc.a(subdf3.o)
                0x000023a4                __aeabi_dsub
 .text          0x00002a4c       0x6c c:/program files (x86)/cypress/psoc creator/4.3/psoc creator/import/gnu/arm/5.4.1/bin/../lib/gcc/arm-none-eabi/5.4.1/armv6-m\libgcc.a(fixdfsi.o)
                0x00002a4c                __aeabi_d2iz
 .text          0x00002ab8       0x70 c:/program files (x86)/cypress/psoc creator/4.3/psoc creator/import/gnu/arm/5.4.1/bin/../lib/gcc/arm-none-eabi/5.4.1/armv6-m\libgcc.a(floatunsidf.o)
                0x00002ab8                __aeabi_ui2d
 .text          0x00002b28       0x7c c:/program files (x86)/cypress/psoc creator/4.3/psoc creator/import/gnu/arm/5.4.1/bin/../lib/gcc/arm-none-eabi/5.4.1/armv6-m\libgcc.a(_arm_cmpdf2.o)
                0x00002b28                __aeabi_cdrcmple
                0x00002b38                __aeabi_cdcmple
                0x00002b38                __aeabi_cdcmpeq
                0x00002b48                __aeabi_dcmpeq
                0x00002b54                __aeabi_dcmplt
                0x00002b68                __aeabi_dcmple
                0x00002b7c                __aeabi_dcmpgt
                0x00002b90                __aeabi_dcmpge
 .text          0x00002ba4       0x3c c:/program files (x86)/cypress/psoc creator/4.3/psoc creator/import/gnu/arm/5.4.1/bin/../lib/gcc/arm-none-eabi/5.4.1/armv6-m\libgcc.a(_clzsi2.o)
                0x00002ba4                __clzsi2
 .text          0x00002be0       0x80 c:/program files (x86)/cypress/psoc creator/4.3/psoc creator/import/gnu/arm/5.4.1/bin/../lib/gcc/arm-none-eabi/5.4.1/armv6-m\libgcc.a(eqdf2.o)
                0x00002be0                __nedf2
                0x00002be0                __eqdf2
 .text          0x00002c60       0xc8 c:/program files (x86)/cypress/psoc creator/4.3/psoc creator/import/gnu/arm/5.4.1/bin/../lib/gcc/arm-none-eabi/5.4.1/armv6-m\libgcc.a(gedf2.o)
                0x00002c60                __gedf2
                0x00002c60                __gtdf2
 .text          0x00002d28       0xd4 c:/program files (x86)/cypress/psoc creator/4.3/psoc creator/import/gnu/arm/5.4.1/bin/../lib/gcc/arm-none-eabi/5.4.1/armv6-m\libgcc.a(ledf2.o)
                0x00002d28                __ledf2
                0x00002d28                __ltdf2
 .text.__errno  0x00002dfc        0xc c:/program files (x86)/cypress/psoc creator/4.3/psoc creator/import/gnu/arm/5.4.1/bin/../lib/gcc/arm-none-eabi/5.4.1/../../../../arm-none-eabi/lib/armv6-m\libg_nano.a(lib_a-errno.o)
                0x00002dfc                __errno
 .text.__libc_init_array
                0x00002e08       0x4c c:/program files (x86)/cypress/psoc creator/4.3/psoc creator/import/gnu/arm/5.4.1/bin/../lib/gcc/arm-none-eabi/5.4.1/../../../../arm-none-eabi/lib/armv6-m\libg_nano.a(lib_a-init.o)
                0x00002e08                __libc_init_array
 .text.__itoa   0x00002e54       0x2e c:/program files (x86)/cypress/psoc creator/4.3/psoc creator/import/gnu/arm/5.4.1/bin/../lib/gcc/arm-none-eabi/5.4.1/../../../../arm-none-eabi/lib/armv6-m\libg_nano.a(lib_a-itoa.o)
                0x00002e54                __itoa
 .text.itoa     0x00002e82        0x8 c:/program files (x86)/cypress/psoc creator/4.3/psoc creator/import/gnu/arm/5.4.1/bin/../lib/gcc/arm-none-eabi/5.4.1/../../../../arm-none-eabi/lib/armv6-m\libg_nano.a(lib_a-itoa.o)
                0x00002e82                itoa
 .text.memcpy   0x00002e8a       0x12 c:/program files (x86)/cypress/psoc creator/4.3/psoc creator/import/gnu/arm/5.4.1/bin/../lib/gcc/arm-none-eabi/5.4.1/../../../../arm-none-eabi/lib/armv6-m\libg_nano.a(lib_a-memcpy-stub.o)
                0x00002e8a                memcpy
 .text.memset   0x00002e9c       0x10 c:/program files (x86)/cypress/psoc creator/4.3/psoc creator/import/gnu/arm/5.4.1/bin/../lib/gcc/arm-none-eabi/5.4.1/../../../../arm-none-eabi/lib/armv6-m\libg_nano.a(lib_a-memset.o)
                0x00002e9c                memset
 .text.__utoa   0x00002eac       0x74 c:/program files (x86)/cypress/psoc creator/4.3/psoc creator/import/gnu/arm/5.4.1/bin/../lib/gcc/arm-none-eabi/5.4.1/../../../../arm-none-eabi/lib/armv6-m\libg_nano.a(lib_a-utoa.o)
                0x00002eac                __utoa
 *(.plt)
 *(.gnu.warning)
 *(.glue_7t)
 .glue_7t       0x00002f20        0x0 linker stubs
 *(.glue_7)
 .glue_7        0x00002f20        0x0 linker stubs
 *(.vfp11_veneer)
 .vfp11_veneer  0x00002f20        0x0 linker stubs
 *(.bootloader)
 *(.ARM.extab* .gnu.linkonce.armextab.*)
 *(.gcc_except_table)

.v4_bx          0x00002f20        0x0
 .v4_bx         0x00002f20        0x0 linker stubs

.iplt           0x00002f20        0x0
 .iplt          0x00002f20        0x0 c:/program files (x86)/cypress/psoc creator/4.3/psoc creator/import/gnu/arm/5.4.1/bin/../lib/gcc/arm-none-eabi/5.4.1/armv6-m/crtbegin.o

.eh_frame_hdr
 *(.eh_frame_hdr)

.eh_frame       0x00002f20        0x4
 *(.eh_frame)
 .eh_frame      0x00002f20        0x0 c:/program files (x86)/cypress/psoc creator/4.3/psoc creator/import/gnu/arm/5.4.1/bin/../lib/gcc/arm-none-eabi/5.4.1/armv6-m/crtbegin.o
 .eh_frame      0x00002f20        0x4 c:/program files (x86)/cypress/psoc creator/4.3/psoc creator/import/gnu/arm/5.4.1/bin/../lib/gcc/arm-none-eabi/5.4.1/armv6-m/crtend.o
                [!provide]                PROVIDE (__exidx_start, .)

.ARM.exidx
 *(.ARM.exidx* .gnu.linkonce.armexidx.*)
                0x00002f24                __exidx_end = .

.rodata         0x00002f24      0x1e4
 *(.rodata .rodata.* .gnu.linkonce.r.*)
 .rodata        0x00002f24       0x58 .\CortexM0\ARM_GCC_541\Debug\cyfitter_cfg.o
 .rodata        0x00002f7c       0xa0 .\CortexM0\ARM_GCC_541\Debug\STONE_VOICE_2021.a(CapSense_CSD.o)
                0x00002f7c                CapSense_CSD_portTable
                0x00002f8c                CapSense_CSD_maskTable
                0x00002fc0                CapSense_CSD_pinShiftTbl
                0x00002fd0                CapSense_CSD_widgetNumber
                0x00002fe0                CapSense_CSD_prtSelTbl
                0x00002ff4                CapSense_CSD_prtCfgTbl
                0x00003008                CapSense_CSD_prtDRTbl
 .rodata        0x0000301c       0x1d .\CortexM0\ARM_GCC_541\Debug\STONE_VOICE_2021.a(CapSense_CSD_CSHL.o)
                0x0000301c                CapSense_CSD_rawDataIndex
                0x0000302c                CapSense_CSD_numberOfSensors
 *fill*         0x00003039        0x3 
 .rodata        0x0000303c       0x2e .\CortexM0\ARM_GCC_541\Debug\STONE_VOICE_2021.a(CyLib.o)
                0x0000303c                cyImoFreqMhz2Reg
 *fill*         0x0000306a        0x2 
 .rodata        0x0000306c       0x40 c:/program files (x86)/cypress/psoc creator/4.3/psoc creator/import/gnu/arm/5.4.1/bin/../lib/gcc/arm-none-eabi/5.4.1/armv6-m\libgcc.a(muldf3.o)
 .rodata.str1.1
                0x000030ac        0x2 c:/program files (x86)/cypress/psoc creator/4.3/psoc creator/import/gnu/arm/5.4.1/bin/../lib/gcc/arm-none-eabi/5.4.1/../../../../arm-none-eabi/lib/armv6-m\libg_nano.a(lib_a-impure.o)
 .rodata.str1.1
                0x000030ae       0x25 c:/program files (x86)/cypress/psoc creator/4.3/psoc creator/import/gnu/arm/5.4.1/bin/../lib/gcc/arm-none-eabi/5.4.1/../../../../arm-none-eabi/lib/armv6-m\libg_nano.a(lib_a-utoa.o)
                0x000030d4                . = ALIGN (0x4)
 *fill*         0x000030d3        0x1 
 *(.init)
 .init          0x000030d4        0x4 c:/program files (x86)/cypress/psoc creator/4.3/psoc creator/import/gnu/arm/5.4.1/bin/../lib/gcc/arm-none-eabi/5.4.1/armv6-m/crti.o
                0x000030d4                _init
 .init          0x000030d8        0x8 c:/program files (x86)/cypress/psoc creator/4.3/psoc creator/import/gnu/arm/5.4.1/bin/../lib/gcc/arm-none-eabi/5.4.1/armv6-m/crtn.o
                0x000030e0                . = ALIGN (0x4)
                0x000030e0                __preinit_array_start = .
 *(.preinit_array)
                0x000030e0                __preinit_array_end = .
                0x000030e0                . = ALIGN (0x4)
                0x000030e0                __init_array_start = .
 *(SORT(.init_array.*))
 *(.init_array)
 .init_array    0x000030e0        0x4 c:/program files (x86)/cypress/psoc creator/4.3/psoc creator/import/gnu/arm/5.4.1/bin/../lib/gcc/arm-none-eabi/5.4.1/armv6-m/crtbegin.o
 .init_array    0x000030e4        0x4 .\CortexM0\ARM_GCC_541\Debug\Cm0Start.o
                0x000030e8                __init_array_end = .
                0x000030e8                . = ALIGN (0x4)
 *(.fini)
 .fini          0x000030e8        0x4 c:/program files (x86)/cypress/psoc creator/4.3/psoc creator/import/gnu/arm/5.4.1/bin/../lib/gcc/arm-none-eabi/5.4.1/armv6-m/crti.o
                0x000030e8                _fini
 .fini          0x000030ec        0x8 c:/program files (x86)/cypress/psoc creator/4.3/psoc creator/import/gnu/arm/5.4.1/bin/../lib/gcc/arm-none-eabi/5.4.1/armv6-m/crtn.o
                0x000030f4                . = ALIGN (0x4)
                0x000030f4                __fini_array_start = .
 *(.fini_array)
 .fini_array    0x000030f4        0x4 c:/program files (x86)/cypress/psoc creator/4.3/psoc creator/import/gnu/arm/5.4.1/bin/../lib/gcc/arm-none-eabi/5.4.1/armv6-m/crtbegin.o
 *(SORT(.fini_array.*))
                0x000030f8                __fini_array_end = .
                0x000030f8                . = ALIGN (0x4)
 *crtbegin.o(.ctors)
 *(EXCLUDE_FILE(*crtend.o) .ctors)
 *(SORT(.ctors.*))
 *crtend.o(.ctors)
                0x000030f8                . = ALIGN (0x4)
 *crtbegin.o(.dtors)
 *(EXCLUDE_FILE(*crtend.o) .dtors)
 *(SORT(.dtors.*))
 *crtend.o(.dtors)
                0x000030f8                . = ALIGN (0x4)
                0x000030f8                __cy_regions = .
                0x000030f8        0x4 LONG 0x3108 __cy_region_init_ram
                0x000030fc        0x4 LONG 0x200000c8 __cy_region_start_data
                0x00003100        0x4 LONG 0x1c0 __cy_region_init_size_ram
                0x00003104        0x4 LONG 0x1a8 __cy_region_zero_size_ram
                0x00003108                __cy_regions_end = .
                0x00003108                . = ALIGN (0x8)
                0x00003108                _etext = .

.cy_checksum_exclude
                0x00003108        0x0
 *(.cy_checksum_exclude)

.ramvectors     0x20000000       0xc0
                0x20000000                __cy_region_start_ram = .
 *(.ramvectors)
 .ramvectors    0x20000000       0xc0 .\CortexM0\ARM_GCC_541\Debug\Cm0Start.o
                0x20000000                CyRamVectors

.noinit         0x200000c0        0x4
 *(.noinit)
 .noinit        0x200000c0        0x4 .\CortexM0\ARM_GCC_541\Debug\Cm0Start.o

.data           0x200000c8      0x1c0 load address 0x00003108
                0x200000c8                __cy_region_start_data = .
 *(.jcr)
 .jcr           0x200000c8        0x0 c:/program files (x86)/cypress/psoc creator/4.3/psoc creator/import/gnu/arm/5.4.1/bin/../lib/gcc/arm-none-eabi/5.4.1/armv6-m/crtbegin.o
 .jcr           0x200000c8        0x4 c:/program files (x86)/cypress/psoc creator/4.3/psoc creator/import/gnu/arm/5.4.1/bin/../lib/gcc/arm-none-eabi/5.4.1/armv6-m/crtend.o
 *(.got.plt)
 *(.got)
 *(.shdata)
 *(.data .data.* .gnu.linkonce.d.*)
 .data          0x200000cc       0xa9 .\CortexM0\ARM_GCC_541\Debug\STONE_VOICE_2021.a(CapSense_CSD.o)
                0x200000cc                CapSense_CSD_sensorEnableMask
                0x200000d0                CapSense_CSD_pcTable
                0x20000104                CapSense_CSD_modulationIDAC
                0x20000114                CapSense_CSD_compensationIDAC
                0x20000124                CapSense_CSD_widgetResolution
                0x20000158                CapSense_CSD_senseClkDividerVal
                0x20000168                CapSense_CSD_sampleClkDividerVal
 *fill*         0x20000175        0x3 
 .data          0x20000178       0x8d .\CortexM0\ARM_GCC_541\Debug\STONE_VOICE_2021.a(CapSense_CSD_CSHL.o)
                0x20000178                CapSense_CSD_lowBaselineReset
                0x20000185                CapSense_CSD_enableRawFilters
                0x20000188                CapSense_CSD_fingerThreshold
                0x200001a4                CapSense_CSD_noiseThreshold
                0x200001c0                CapSense_CSD_negativeNoiseThreshold
                0x200001dc                CapSense_CSD_hysteresis
                0x200001f8                CapSense_CSD_debounce
 *fill*         0x20000205        0x3 
 .data          0x20000208        0x8 .\CortexM0\ARM_GCC_541\Debug\STONE_VOICE_2021.a(SW_Tx_UART_1.o)
                0x20000208                SW_Tx_UART_1_pinNumber
                0x2000020c                SW_Tx_UART_1_pinDrAdress
 .data          0x20000210       0x14 .\CortexM0\ARM_GCC_541\Debug\STONE_VOICE_2021.a(CyLib.o)
                0x20000210                cydelayFreqHz
                0x20000214                cydelayFreqKhz
                0x20000218                cydelayFreqMhz
                0x2000021c                cydelay32kMs
                0x20000220                CySysClkPumpConfig
 .data.impure_data
                0x20000224       0x60 c:/program files (x86)/cypress/psoc creator/4.3/psoc creator/import/gnu/arm/5.4.1/bin/../lib/gcc/arm-none-eabi/5.4.1/../../../../arm-none-eabi/lib/armv6-m\libg_nano.a(lib_a-impure.o)
 .data._impure_ptr
                0x20000284        0x4 c:/program files (x86)/cypress/psoc creator/4.3/psoc creator/import/gnu/arm/5.4.1/bin/../lib/gcc/arm-none-eabi/5.4.1/../../../../arm-none-eabi/lib/armv6-m\libg_nano.a(lib_a-impure.o)
                0x20000284                _impure_ptr
                0x20000288                . = ALIGN (0x8)
 *(.ram)
                0x20000288                _edata = .

.igot.plt       0x20000288        0x0 load address 0x000032c8
 .igot.plt      0x20000288        0x0 c:/program files (x86)/cypress/psoc creator/4.3/psoc creator/import/gnu/arm/5.4.1/bin/../lib/gcc/arm-none-eabi/5.4.1/armv6-m/crtbegin.o

.bss            0x20000288      0x1a8 load address 0x000032c8
                0x20000288                PROVIDE (__bss_start__, .)
 *(.shbss)
 *(.bss .bss.* .gnu.linkonce.b.*)
 .bss           0x20000288       0x1c c:/program files (x86)/cypress/psoc creator/4.3/psoc creator/import/gnu/arm/5.4.1/bin/../lib/gcc/arm-none-eabi/5.4.1/armv6-m/crtbegin.o
 .bss           0x200002a4       0x56 .\CortexM0\ARM_GCC_541\Debug\main.o
                0x200002a4                bright
                0x200002a8                Button
                0x200002c4                Status
                0x200002e0                myData
 *fill*         0x200002fa        0x2 
 .bss           0x200002fc       0x1f .\CortexM0\ARM_GCC_541\Debug\STONE_VOICE_2021.a(CapSense_CSD.o)
                0x200002fc                CapSense_CSD_prescalersTuningDone
                0x200002fd                CapSense_CSD_csdStatusVar
                0x200002fe                CapSense_CSD_sensorIndex
                0x20000300                CapSense_CSD_sensorRaw
 *fill*         0x2000031b        0x1 
 .bss           0x2000031c       0x5a .\CortexM0\ARM_GCC_541\Debug\STONE_VOICE_2021.a(CapSense_CSD_CSHL.o)
                0x2000031c                CapSense_CSD_sensorBaseline
                0x20000338                CapSense_CSD_sensorBaselineLow
                0x20000348                CapSense_CSD_sensorSignal
                0x20000364                CapSense_CSD_sensorOnMask
 .bss           0x20000376        0x1 .\CortexM0\ARM_GCC_541\Debug\STONE_VOICE_2021.a(CapSense_CSD_INT.o)
 .bss           0x20000377        0x1 .\CortexM0\ARM_GCC_541\Debug\STONE_VOICE_2021.a(LED_CONTROL.o)
                0x20000377                LED_CONTROL_initVar
 .bss           0x20000378        0x4 .\CortexM0\ARM_GCC_541\Debug\STONE_VOICE_2021.a(SW_Tx_UART_1.o)
                0x20000378                SW_Tx_UART_1_pinPortNumber
 *(COMMON)
 COMMON         0x2000037c       0x4e .\CortexM0\ARM_GCC_541\Debug\main.o
                0x2000037c                DataStr
 *fill*         0x200003ca        0x2 
 COMMON         0x200003cc       0x15 .\CortexM0\ARM_GCC_541\Debug\STONE_VOICE_2021.a(CapSense_CSD.o)
                0x200003cc                CapSense_CSD_csdTrim1
                0x200003d0                CapSense_CSD_sensorEnableMaskBackup
                0x200003d4                CapSense_CSD_unscannedSnsDriveMode
 *fill*         0x200003e1        0x3 
 COMMON         0x200003e4       0x46 .\CortexM0\ARM_GCC_541\Debug\STONE_VOICE_2021.a(CapSense_CSD_CSHL.o)
                0x200003e4                CapSense_CSD_rawFilterData1
                0x20000400                CapSense_CSD_lowBaselineResetCnt
                0x20000410                CapSense_CSD_rawFilterData2
                0x20000430                . = ALIGN (0x8)
 *fill*         0x2000042a        0x6 
 *(.ram.b)
                0x20000430                _end = .
                0x20000430                __end = .
                0x20000430                PROVIDE (end, .)
                0x20000430                PROVIDE (__bss_end__, .)
                0x00003108                __cy_region_init_ram = LOADADDR (.data)
                0x000001c0                __cy_region_init_size_ram = (_edata - ADDR (.data))
                0x000001a8                __cy_region_zero_size_ram = (_end - _edata)

.heap           0x20000430      0x100 load address 0x000032c8
                0x20000430                . = _end
                0x20000530                . = (. + 0x100)
 *fill*         0x20000430      0x100 
                0x20000530                __cy_heap_limit = .

.stack          0x20000c00      0x400
                0x20000c00                __cy_stack_limit = .
                0x20001000                . = (. + 0x400)
 *fill*         0x20000c00      0x400 
                0x00000001                ASSERT ((__cy_stack_limit >= __cy_heap_limit), region RAM overflowed with stack)
                0x00000000                cy_checksum_exclude_size = (CY_APPL_LOADABLE == 0x1)?SIZEOF (.cy_checksum_exclude):0x0
                0x00000001                ASSERT ((cy_checksum_exclude_size <= CY_CHECKSUM_EXCLUDE_SIZE), CY_BOOT: Section .cy_checksum_exclude size exceedes specified limit.)
                0x00007fc0                cyloadermeta_start = (cy_project_type_bootloader || cy_project_type_app_for_stack_and_copier)?(LENGTH (rom) - CY_METADATA_SIZE):0xf0000000

.cyloadermeta
 *(.cyloadermeta)
                0x00007fc0                cyloadablemeta_start = cy_project_type_app_for_stack_and_copier?((LENGTH (rom) - CY_FLASH_ROW_SIZE) - CY_METADATA_SIZE):((LENGTH (rom) - (CY_FLASH_ROW_SIZE * (CY_APPL_NUM - 0x1))) - CY_METADATA_SIZE)

.cyloadablemeta
 *(.cyloadablemeta)

.cyflashprotect
                0x90400000       0x20
 *(.cyflashprotect)
 .cyflashprotect
                0x90400000       0x20 .\CortexM0\ARM_GCC_541\Debug\cymetadata.o
                0x90400000                cy_meta_flashprotect

.cymeta         0x90500000        0xc
 *(.cymeta)
 .cymeta        0x90500000        0xc .\CortexM0\ARM_GCC_541\Debug\cymetadata.o
                0x90500000                cy_metadata

.cychipprotect  0x90600000        0x1
 *(.cychipprotect)
 .cychipprotect
                0x90600000        0x1 .\CortexM0\ARM_GCC_541\Debug\cymetadata.o
                0x90600000                cy_meta_chipprotect

.rel.dyn        0x000032c8        0x0 load address 0x90600004
 .rel.iplt      0x000032c8        0x0 c:/program files (x86)/cypress/psoc creator/4.3/psoc creator/import/gnu/arm/5.4.1/bin/../lib/gcc/arm-none-eabi/5.4.1/armv6-m/crtbegin.o

.stab
 *(.stab)

.stabstr
 *(.stabstr)

.debug
 *(.debug)

.line
 *(.line)

.debug_srcinfo
 *(.debug_srcinfo)

.debug_sfnames
 *(.debug_sfnames)

.debug_aranges  0x00000000      0x758
 *(.debug_aranges)
 .debug_aranges
                0x00000000       0x20 .\CortexM0\ARM_GCC_541\Debug\main.o
 .debug_aranges
                0x00000020       0x58 .\CortexM0\ARM_GCC_541\Debug\cyfitter_cfg.o
 .debug_aranges
                0x00000078       0x18 .\CortexM0\ARM_GCC_541\Debug\cymetadata.o
 .debug_aranges
                0x00000090       0x48 .\CortexM0\ARM_GCC_541\Debug\Cm0Start.o
 .debug_aranges
                0x000000d8      0x158 .\CortexM0\ARM_GCC_541\Debug\STONE_VOICE_2021.a(CapSense_CSD.o)
 .debug_aranges
                0x00000230      0x120 .\CortexM0\ARM_GCC_541\Debug\STONE_VOICE_2021.a(CapSense_CSD_CSHL.o)
 .debug_aranges
                0x00000350       0x20 .\CortexM0\ARM_GCC_541\Debug\STONE_VOICE_2021.a(CapSense_CSD_INT.o)
 .debug_aranges
                0x00000370      0x158 .\CortexM0\ARM_GCC_541\Debug\STONE_VOICE_2021.a(LED_CONTROL.o)
 .debug_aranges
                0x000004c8       0x50 .\CortexM0\ARM_GCC_541\Debug\STONE_VOICE_2021.a(SW_Tx_UART_1.o)
 .debug_aranges
                0x00000518       0x40 .\CortexM0\ARM_GCC_541\Debug\STONE_VOICE_2021.a(CapSense_CSD_SampleClk.o)
 .debug_aranges
                0x00000558       0x40 .\CortexM0\ARM_GCC_541\Debug\STONE_VOICE_2021.a(CapSense_CSD_SenseClk.o)
 .debug_aranges
                0x00000598      0x180 .\CortexM0\ARM_GCC_541\Debug\STONE_VOICE_2021.a(CyLib.o)
 .debug_aranges
                0x00000718       0x20 .\CortexM0\ARM_GCC_541\Debug\STONE_VOICE_2021.a(SW_Tx_UART_1_AsmGnu.o)
 .debug_aranges
                0x00000738       0x20 .\CortexM0\ARM_GCC_541\Debug\STONE_VOICE_2021.a(CyBootAsmGnu.o)

.debug_pubnames
 *(.debug_pubnames)

.debug_info     0x00000000     0x35c6
 *(.debug_info .gnu.linkonce.wi.*)
 .debug_info    0x00000000      0x18c .\CortexM0\ARM_GCC_541\Debug\main.o
 .debug_info    0x0000018c      0x393 .\CortexM0\ARM_GCC_541\Debug\cyfitter_cfg.o
 .debug_info    0x0000051f       0xf8 .\CortexM0\ARM_GCC_541\Debug\cymetadata.o
 .debug_info    0x00000617      0x312 .\CortexM0\ARM_GCC_541\Debug\Cm0Start.o
 .debug_info    0x00000929      0xc25 .\CortexM0\ARM_GCC_541\Debug\STONE_VOICE_2021.a(CapSense_CSD.o)
 .debug_info    0x0000154e      0x973 .\CortexM0\ARM_GCC_541\Debug\STONE_VOICE_2021.a(CapSense_CSD_CSHL.o)
 .debug_info    0x00001ec1      0x124 .\CortexM0\ARM_GCC_541\Debug\STONE_VOICE_2021.a(CapSense_CSD_INT.o)
 .debug_info    0x00001fe5      0x6fb .\CortexM0\ARM_GCC_541\Debug\STONE_VOICE_2021.a(LED_CONTROL.o)
 .debug_info    0x000026e0      0x222 .\CortexM0\ARM_GCC_541\Debug\STONE_VOICE_2021.a(SW_Tx_UART_1.o)
 .debug_info    0x00002902      0x150 .\CortexM0\ARM_GCC_541\Debug\STONE_VOICE_2021.a(CapSense_CSD_SampleClk.o)
 .debug_info    0x00002a52      0x150 .\CortexM0\ARM_GCC_541\Debug\STONE_VOICE_2021.a(CapSense_CSD_SenseClk.o)
 .debug_info    0x00002ba2      0x8ef .\CortexM0\ARM_GCC_541\Debug\STONE_VOICE_2021.a(CyLib.o)
 .debug_info    0x00003491       0x9e .\CortexM0\ARM_GCC_541\Debug\STONE_VOICE_2021.a(SW_Tx_UART_1_AsmGnu.o)
 .debug_info    0x0000352f       0x97 .\CortexM0\ARM_GCC_541\Debug\STONE_VOICE_2021.a(CyBootAsmGnu.o)

.debug_abbrev   0x00000000      0xcde
 *(.debug_abbrev)
 .debug_abbrev  0x00000000       0xa4 .\CortexM0\ARM_GCC_541\Debug\main.o
 .debug_abbrev  0x000000a4      0x1b3 .\CortexM0\ARM_GCC_541\Debug\cyfitter_cfg.o
 .debug_abbrev  0x00000257       0x5d .\CortexM0\ARM_GCC_541\Debug\cymetadata.o
 .debug_abbrev  0x000002b4      0x1c8 .\CortexM0\ARM_GCC_541\Debug\Cm0Start.o
 .debug_abbrev  0x0000047c      0x167 .\CortexM0\ARM_GCC_541\Debug\STONE_VOICE_2021.a(CapSense_CSD.o)
 .debug_abbrev  0x000005e3      0x184 .\CortexM0\ARM_GCC_541\Debug\STONE_VOICE_2021.a(CapSense_CSD_CSHL.o)
 .debug_abbrev  0x00000767       0x8a .\CortexM0\ARM_GCC_541\Debug\STONE_VOICE_2021.a(CapSense_CSD_INT.o)
 .debug_abbrev  0x000007f1       0xfc .\CortexM0\ARM_GCC_541\Debug\STONE_VOICE_2021.a(LED_CONTROL.o)
 .debug_abbrev  0x000008ed       0xd2 .\CortexM0\ARM_GCC_541\Debug\STONE_VOICE_2021.a(SW_Tx_UART_1.o)
 .debug_abbrev  0x000009bf       0xa8 .\CortexM0\ARM_GCC_541\Debug\STONE_VOICE_2021.a(CapSense_CSD_SampleClk.o)
 .debug_abbrev  0x00000a67       0xa8 .\CortexM0\ARM_GCC_541\Debug\STONE_VOICE_2021.a(CapSense_CSD_SenseClk.o)
 .debug_abbrev  0x00000b0f      0x1a7 .\CortexM0\ARM_GCC_541\Debug\STONE_VOICE_2021.a(CyLib.o)
 .debug_abbrev  0x00000cb6       0x14 .\CortexM0\ARM_GCC_541\Debug\STONE_VOICE_2021.a(SW_Tx_UART_1_AsmGnu.o)
 .debug_abbrev  0x00000cca       0x14 .\CortexM0\ARM_GCC_541\Debug\STONE_VOICE_2021.a(CyBootAsmGnu.o)

.debug_line     0x00000000     0x1b0d
 *(.debug_line)
 .debug_line    0x00000000      0x19e .\CortexM0\ARM_GCC_541\Debug\main.o
 .debug_line    0x0000019e      0x1b9 .\CortexM0\ARM_GCC_541\Debug\cyfitter_cfg.o
 .debug_line    0x00000357      0x141 .\CortexM0\ARM_GCC_541\Debug\cymetadata.o
 .debug_line    0x00000498      0x1cf .\CortexM0\ARM_GCC_541\Debug\Cm0Start.o
 .debug_line    0x00000667      0x502 .\CortexM0\ARM_GCC_541\Debug\STONE_VOICE_2021.a(CapSense_CSD.o)
 .debug_line    0x00000b69      0x3ab .\CortexM0\ARM_GCC_541\Debug\STONE_VOICE_2021.a(CapSense_CSD_CSHL.o)
 .debug_line    0x00000f14       0x97 .\CortexM0\ARM_GCC_541\Debug\STONE_VOICE_2021.a(CapSense_CSD_INT.o)
 .debug_line    0x00000fab      0x379 .\CortexM0\ARM_GCC_541\Debug\STONE_VOICE_2021.a(LED_CONTROL.o)
 .debug_line    0x00001324       0xe8 .\CortexM0\ARM_GCC_541\Debug\STONE_VOICE_2021.a(SW_Tx_UART_1.o)
 .debug_line    0x0000140c       0xbd .\CortexM0\ARM_GCC_541\Debug\STONE_VOICE_2021.a(CapSense_CSD_SampleClk.o)
 .debug_line    0x000014c9       0xbc .\CortexM0\ARM_GCC_541\Debug\STONE_VOICE_2021.a(CapSense_CSD_SenseClk.o)
 .debug_line    0x00001585      0x47a .\CortexM0\ARM_GCC_541\Debug\STONE_VOICE_2021.a(CyLib.o)
 .debug_line    0x000019ff       0xa5 .\CortexM0\ARM_GCC_541\Debug\STONE_VOICE_2021.a(SW_Tx_UART_1_AsmGnu.o)
 .debug_line    0x00001aa4       0x69 .\CortexM0\ARM_GCC_541\Debug\STONE_VOICE_2021.a(CyBootAsmGnu.o)

.debug_frame    0x00000000     0x1b48
 *(.debug_frame)
 .debug_frame   0x00000000       0x34 .\CortexM0\ARM_GCC_541\Debug\main.o
 .debug_frame   0x00000034      0x108 .\CortexM0\ARM_GCC_541\Debug\cyfitter_cfg.o
 .debug_frame   0x0000013c       0xc8 .\CortexM0\ARM_GCC_541\Debug\Cm0Start.o
 .debug_frame   0x00000204      0x50c .\CortexM0\ARM_GCC_541\Debug\STONE_VOICE_2021.a(CapSense_CSD.o)
 .debug_frame   0x00000710      0x430 .\CortexM0\ARM_GCC_541\Debug\STONE_VOICE_2021.a(CapSense_CSD_CSHL.o)
 .debug_frame   0x00000b40       0x2c .\CortexM0\ARM_GCC_541\Debug\STONE_VOICE_2021.a(CapSense_CSD_INT.o)
 .debug_frame   0x00000b6c      0x52c .\CortexM0\ARM_GCC_541\Debug\STONE_VOICE_2021.a(LED_CONTROL.o)
 .debug_frame   0x00001098       0xe4 .\CortexM0\ARM_GCC_541\Debug\STONE_VOICE_2021.a(SW_Tx_UART_1.o)
 .debug_frame   0x0000117c       0xa0 .\CortexM0\ARM_GCC_541\Debug\STONE_VOICE_2021.a(CapSense_CSD_SampleClk.o)
 .debug_frame   0x0000121c       0xa0 .\CortexM0\ARM_GCC_541\Debug\STONE_VOICE_2021.a(CapSense_CSD_SenseClk.o)
 .debug_frame   0x000012bc      0x588 .\CortexM0\ARM_GCC_541\Debug\STONE_VOICE_2021.a(CyLib.o)
 .debug_frame   0x00001844       0x20 c:/program files (x86)/cypress/psoc creator/4.3/psoc creator/import/gnu/arm/5.4.1/bin/../lib/gcc/arm-none-eabi/5.4.1/armv6-m\libgcc.a(_udivsi3.o)
 .debug_frame   0x00001864       0x2c c:/program files (x86)/cypress/psoc creator/4.3/psoc creator/import/gnu/arm/5.4.1/bin/../lib/gcc/arm-none-eabi/5.4.1/armv6-m\libgcc.a(_fixunsdfsi.o)
 .debug_frame   0x00001890       0x3c c:/program files (x86)/cypress/psoc creator/4.3/psoc creator/import/gnu/arm/5.4.1/bin/../lib/gcc/arm-none-eabi/5.4.1/armv6-m\libgcc.a(muldf3.o)
 .debug_frame   0x000018cc       0x38 c:/program files (x86)/cypress/psoc creator/4.3/psoc creator/import/gnu/arm/5.4.1/bin/../lib/gcc/arm-none-eabi/5.4.1/armv6-m\libgcc.a(subdf3.o)
 .debug_frame   0x00001904       0x2c c:/program files (x86)/cypress/psoc creator/4.3/psoc creator/import/gnu/arm/5.4.1/bin/../lib/gcc/arm-none-eabi/5.4.1/armv6-m\libgcc.a(fixdfsi.o)
 .debug_frame   0x00001930       0x2c c:/program files (x86)/cypress/psoc creator/4.3/psoc creator/import/gnu/arm/5.4.1/bin/../lib/gcc/arm-none-eabi/5.4.1/armv6-m\libgcc.a(floatunsidf.o)
 .debug_frame   0x0000195c       0x38 c:/program files (x86)/cypress/psoc creator/4.3/psoc creator/import/gnu/arm/5.4.1/bin/../lib/gcc/arm-none-eabi/5.4.1/armv6-m\libgcc.a(eqdf2.o)
 .debug_frame   0x00001994       0x38 c:/program files (x86)/cypress/psoc creator/4.3/psoc creator/import/gnu/arm/5.4.1/bin/../lib/gcc/arm-none-eabi/5.4.1/armv6-m\libgcc.a(gedf2.o)
 .debug_frame   0x000019cc       0x38 c:/program files (x86)/cypress/psoc creator/4.3/psoc creator/import/gnu/arm/5.4.1/bin/../lib/gcc/arm-none-eabi/5.4.1/armv6-m\libgcc.a(ledf2.o)
 .debug_frame   0x00001a04       0x20 c:/program files (x86)/cypress/psoc creator/4.3/psoc creator/import/gnu/arm/5.4.1/bin/../lib/gcc/arm-none-eabi/5.4.1/../../../../arm-none-eabi/lib/armv6-m\libg_nano.a(lib_a-errno.o)
 .debug_frame   0x00001a24       0x28 c:/program files (x86)/cypress/psoc creator/4.3/psoc creator/import/gnu/arm/5.4.1/bin/../lib/gcc/arm-none-eabi/5.4.1/../../../../arm-none-eabi/lib/armv6-m\libg_nano.a(lib_a-exit.o)
 .debug_frame   0x00001a4c       0x2c c:/program files (x86)/cypress/psoc creator/4.3/psoc creator/import/gnu/arm/5.4.1/bin/../lib/gcc/arm-none-eabi/5.4.1/../../../../arm-none-eabi/lib/armv6-m\libg_nano.a(lib_a-init.o)
 .debug_frame   0x00001a78       0x40 c:/program files (x86)/cypress/psoc creator/4.3/psoc creator/import/gnu/arm/5.4.1/bin/../lib/gcc/arm-none-eabi/5.4.1/../../../../arm-none-eabi/lib/armv6-m\libg_nano.a(lib_a-itoa.o)
 .debug_frame   0x00001ab8       0x28 c:/program files (x86)/cypress/psoc creator/4.3/psoc creator/import/gnu/arm/5.4.1/bin/../lib/gcc/arm-none-eabi/5.4.1/../../../../arm-none-eabi/lib/armv6-m\libg_nano.a(lib_a-memcpy-stub.o)
 .debug_frame   0x00001ae0       0x20 c:/program files (x86)/cypress/psoc creator/4.3/psoc creator/import/gnu/arm/5.4.1/bin/../lib/gcc/arm-none-eabi/5.4.1/../../../../arm-none-eabi/lib/armv6-m\libg_nano.a(lib_a-memset.o)
 .debug_frame   0x00001b00       0x48 c:/program files (x86)/cypress/psoc creator/4.3/psoc creator/import/gnu/arm/5.4.1/bin/../lib/gcc/arm-none-eabi/5.4.1/../../../../arm-none-eabi/lib/armv6-m\libg_nano.a(lib_a-utoa.o)

.debug_str      0x00000000     0x20e4
 *(.debug_str)
 .debug_str     0x00000000      0x187 .\CortexM0\ARM_GCC_541\Debug\main.o
                                0x1e0 (size before relaxing)
 .debug_str     0x00000187      0x149 .\CortexM0\ARM_GCC_541\Debug\cyfitter_cfg.o
                                0x2ee (size before relaxing)
 .debug_str     0x000002d0       0x63 .\CortexM0\ARM_GCC_541\Debug\cymetadata.o
                                0x1cf (size before relaxing)
 .debug_str     0x00000333      0x120 .\CortexM0\ARM_GCC_541\Debug\Cm0Start.o
                                0x2d5 (size before relaxing)
 .debug_str     0x00000453      0x8b8 .\CortexM0\ARM_GCC_541\Debug\STONE_VOICE_2021.a(CapSense_CSD.o)
                                0xa76 (size before relaxing)
 .debug_str     0x00000d0b      0x665 .\CortexM0\ARM_GCC_541\Debug\STONE_VOICE_2021.a(CapSense_CSD_CSHL.o)
                                0x8e9 (size before relaxing)
 .debug_str     0x00001370       0x54 .\CortexM0\ARM_GCC_541\Debug\STONE_VOICE_2021.a(CapSense_CSD_INT.o)
                                0x25e (size before relaxing)
 .debug_str     0x000013c4      0x4e7 .\CortexM0\ARM_GCC_541\Debug\STONE_VOICE_2021.a(LED_CONTROL.o)
                                0x687 (size before relaxing)
 .debug_str     0x000018ab      0x161 .\CortexM0\ARM_GCC_541\Debug\STONE_VOICE_2021.a(SW_Tx_UART_1.o)
                                0x2f1 (size before relaxing)
 .debug_str     0x00001a0c      0x123 .\CortexM0\ARM_GCC_541\Debug\STONE_VOICE_2021.a(CapSense_CSD_SampleClk.o)
                                0x2aa (size before relaxing)
 .debug_str     0x00001b2f       0xf5 .\CortexM0\ARM_GCC_541\Debug\STONE_VOICE_2021.a(CapSense_CSD_SenseClk.o)
                                0x2a4 (size before relaxing)
 .debug_str     0x00001c24      0x4c0 .\CortexM0\ARM_GCC_541\Debug\STONE_VOICE_2021.a(CyLib.o)
                                0x690 (size before relaxing)

.debug_loc
 *(.debug_loc)

.debug_macinfo
 *(.debug_macinfo)

.debug_ranges   0x00000000      0x650
 *(.debug_ranges)
 .debug_ranges  0x00000000       0x10 .\CortexM0\ARM_GCC_541\Debug\main.o
 .debug_ranges  0x00000010       0x48 .\CortexM0\ARM_GCC_541\Debug\cyfitter_cfg.o
 .debug_ranges  0x00000058       0x38 .\CortexM0\ARM_GCC_541\Debug\Cm0Start.o
 .debug_ranges  0x00000090      0x148 .\CortexM0\ARM_GCC_541\Debug\STONE_VOICE_2021.a(CapSense_CSD.o)
 .debug_ranges  0x000001d8      0x110 .\CortexM0\ARM_GCC_541\Debug\STONE_VOICE_2021.a(CapSense_CSD_CSHL.o)
 .debug_ranges  0x000002e8       0x10 .\CortexM0\ARM_GCC_541\Debug\STONE_VOICE_2021.a(CapSense_CSD_INT.o)
 .debug_ranges  0x000002f8      0x148 .\CortexM0\ARM_GCC_541\Debug\STONE_VOICE_2021.a(LED_CONTROL.o)
 .debug_ranges  0x00000440       0x40 .\CortexM0\ARM_GCC_541\Debug\STONE_VOICE_2021.a(SW_Tx_UART_1.o)
 .debug_ranges  0x00000480       0x30 .\CortexM0\ARM_GCC_541\Debug\STONE_VOICE_2021.a(CapSense_CSD_SampleClk.o)
 .debug_ranges  0x000004b0       0x30 .\CortexM0\ARM_GCC_541\Debug\STONE_VOICE_2021.a(CapSense_CSD_SenseClk.o)
 .debug_ranges  0x000004e0      0x170 .\CortexM0\ARM_GCC_541\Debug\STONE_VOICE_2021.a(CyLib.o)

.comment        0x00000000       0x6e
 .comment       0x00000000       0x6e .\CortexM0\ARM_GCC_541\Debug\main.o
                                 0x6f (size before relaxing)
 .comment       0x0000006e       0x6f .\CortexM0\ARM_GCC_541\Debug\cyfitter_cfg.o
 .comment       0x0000006e       0x6f .\CortexM0\ARM_GCC_541\Debug\cymetadata.o
 .comment       0x0000006e       0x6f .\CortexM0\ARM_GCC_541\Debug\Cm0Start.o
 .comment       0x0000006e       0x6f .\CortexM0\ARM_GCC_541\Debug\STONE_VOICE_2021.a(CapSense_CSD.o)
 .comment       0x0000006e       0x6f .\CortexM0\ARM_GCC_541\Debug\STONE_VOICE_2021.a(CapSense_CSD_CSHL.o)
 .comment       0x0000006e       0x6f .\CortexM0\ARM_GCC_541\Debug\STONE_VOICE_2021.a(CapSense_CSD_INT.o)
 .comment       0x0000006e       0x6f .\CortexM0\ARM_GCC_541\Debug\STONE_VOICE_2021.a(LED_CONTROL.o)
 .comment       0x0000006e       0x6f .\CortexM0\ARM_GCC_541\Debug\STONE_VOICE_2021.a(SW_Tx_UART_1.o)
 .comment       0x0000006e       0x6f .\CortexM0\ARM_GCC_541\Debug\STONE_VOICE_2021.a(CapSense_CSD_SampleClk.o)
 .comment       0x0000006e       0x6f .\CortexM0\ARM_GCC_541\Debug\STONE_VOICE_2021.a(CapSense_CSD_SenseClk.o)
 .comment       0x0000006e       0x6f .\CortexM0\ARM_GCC_541\Debug\STONE_VOICE_2021.a(CyLib.o)

.debug_weaknames
 *(.debug_weaknames)

.debug_funcnames
 *(.debug_funcnames)

.debug_typenames
 *(.debug_typenames)

.debug_varnames
 *(.debug_varnames)

.note.gnu.arm.ident
 *(.note.gnu.arm.ident)

.ARM.attributes
                0x00000000       0x28
 *(.ARM.attributes)
 .ARM.attributes
                0x00000000       0x1e c:/program files (x86)/cypress/psoc creator/4.3/psoc creator/import/gnu/arm/5.4.1/bin/../lib/gcc/arm-none-eabi/5.4.1/armv6-m/crti.o
 .ARM.attributes
                0x0000001e       0x2c c:/program files (x86)/cypress/psoc creator/4.3/psoc creator/import/gnu/arm/5.4.1/bin/../lib/gcc/arm-none-eabi/5.4.1/armv6-m/crtbegin.o
 .ARM.attributes
                0x0000004a       0x1b c:/program files (x86)/cypress/psoc creator/4.3/psoc creator/import/gnu/arm/5.4.1/bin/../lib/gcc/arm-none-eabi/5.4.1/../../../../arm-none-eabi/lib/armv6-m/crt0.o
 .ARM.attributes
                0x00000065       0x31 .\CortexM0\ARM_GCC_541\Debug\main.o
 .ARM.attributes
                0x00000096       0x31 .\CortexM0\ARM_GCC_541\Debug\cyfitter_cfg.o
 .ARM.attributes
                0x000000c7       0x31 .\CortexM0\ARM_GCC_541\Debug\cymetadata.o
 .ARM.attributes
                0x000000f8       0x31 .\CortexM0\ARM_GCC_541\Debug\Cm0Start.o
 .ARM.attributes
                0x00000129       0x31 .\CortexM0\ARM_GCC_541\Debug\STONE_VOICE_2021.a(CapSense_CSD.o)
 .ARM.attributes
                0x0000015a       0x31 .\CortexM0\ARM_GCC_541\Debug\STONE_VOICE_2021.a(CapSense_CSD_CSHL.o)
 .ARM.attributes
                0x0000018b       0x31 .\CortexM0\ARM_GCC_541\Debug\STONE_VOICE_2021.a(CapSense_CSD_INT.o)
 .ARM.attributes
                0x000001bc       0x31 .\CortexM0\ARM_GCC_541\Debug\STONE_VOICE_2021.a(LED_CONTROL.o)
 .ARM.attributes
                0x000001ed       0x31 .\CortexM0\ARM_GCC_541\Debug\STONE_VOICE_2021.a(SW_Tx_UART_1.o)
 .ARM.attributes
                0x0000021e       0x31 .\CortexM0\ARM_GCC_541\Debug\STONE_VOICE_2021.a(CapSense_CSD_SampleClk.o)
 .ARM.attributes
                0x0000024f       0x31 .\CortexM0\ARM_GCC_541\Debug\STONE_VOICE_2021.a(CapSense_CSD_SenseClk.o)
 .ARM.attributes
                0x00000280       0x31 .\CortexM0\ARM_GCC_541\Debug\STONE_VOICE_2021.a(CyLib.o)
 .ARM.attributes
                0x000002b1       0x21 .\CortexM0\ARM_GCC_541\Debug\STONE_VOICE_2021.a(SW_Tx_UART_1_AsmGnu.o)
 .ARM.attributes
                0x000002d2       0x21 .\CortexM0\ARM_GCC_541\Debug\STONE_VOICE_2021.a(CyBootAsmGnu.o)
 .ARM.attributes
                0x000002f3       0x1e c:/program files (x86)/cypress/psoc creator/4.3/psoc creator/import/gnu/arm/5.4.1/bin/../lib/gcc/arm-none-eabi/5.4.1/armv6-m\libgcc.a(_udivsi3.o)
 .ARM.attributes
                0x00000311       0x1e c:/program files (x86)/cypress/psoc creator/4.3/psoc creator/import/gnu/arm/5.4.1/bin/../lib/gcc/arm-none-eabi/5.4.1/armv6-m\libgcc.a(_dvmd_tls.o)
 .ARM.attributes
                0x0000032f       0x2c c:/program files (x86)/cypress/psoc creator/4.3/psoc creator/import/gnu/arm/5.4.1/bin/../lib/gcc/arm-none-eabi/5.4.1/armv6-m\libgcc.a(_fixunsdfsi.o)
 .ARM.attributes
                0x0000035b       0x2c c:/program files (x86)/cypress/psoc creator/4.3/psoc creator/import/gnu/arm/5.4.1/bin/../lib/gcc/arm-none-eabi/5.4.1/armv6-m\libgcc.a(muldf3.o)
 .ARM.attributes
                0x00000387       0x2c c:/program files (x86)/cypress/psoc creator/4.3/psoc creator/import/gnu/arm/5.4.1/bin/../lib/gcc/arm-none-eabi/5.4.1/armv6-m\libgcc.a(subdf3.o)
 .ARM.attributes
                0x000003b3       0x2c c:/program files (x86)/cypress/psoc creator/4.3/psoc creator/import/gnu/arm/5.4.1/bin/../lib/gcc/arm-none-eabi/5.4.1/armv6-m\libgcc.a(fixdfsi.o)
 .ARM.attributes
                0x000003df       0x2c c:/program files (x86)/cypress/psoc creator/4.3/psoc creator/import/gnu/arm/5.4.1/bin/../lib/gcc/arm-none-eabi/5.4.1/armv6-m\libgcc.a(floatunsidf.o)
 .ARM.attributes
                0x0000040b       0x1e c:/program files (x86)/cypress/psoc creator/4.3/psoc creator/import/gnu/arm/5.4.1/bin/../lib/gcc/arm-none-eabi/5.4.1/armv6-m\libgcc.a(_arm_cmpdf2.o)
 .ARM.attributes
                0x00000429       0x1e c:/program files (x86)/cypress/psoc creator/4.3/psoc creator/import/gnu/arm/5.4.1/bin/../lib/gcc/arm-none-eabi/5.4.1/armv6-m\libgcc.a(_clzsi2.o)
 .ARM.attributes
                0x00000447       0x2c c:/program files (x86)/cypress/psoc creator/4.3/psoc creator/import/gnu/arm/5.4.1/bin/../lib/gcc/arm-none-eabi/5.4.1/armv6-m\libgcc.a(eqdf2.o)
 .ARM.attributes
                0x00000473       0x2c c:/program files (x86)/cypress/psoc creator/4.3/psoc creator/import/gnu/arm/5.4.1/bin/../lib/gcc/arm-none-eabi/5.4.1/armv6-m\libgcc.a(gedf2.o)
 .ARM.attributes
                0x0000049f       0x2c c:/program files (x86)/cypress/psoc creator/4.3/psoc creator/import/gnu/arm/5.4.1/bin/../lib/gcc/arm-none-eabi/5.4.1/armv6-m\libgcc.a(ledf2.o)
 .ARM.attributes
                0x000004cb       0x2c c:/program files (x86)/cypress/psoc creator/4.3/psoc creator/import/gnu/arm/5.4.1/bin/../lib/gcc/arm-none-eabi/5.4.1/../../../../arm-none-eabi/lib/armv6-m\libg_nano.a(lib_a-errno.o)
 .ARM.attributes
                0x000004f7       0x2c c:/program files (x86)/cypress/psoc creator/4.3/psoc creator/import/gnu/arm/5.4.1/bin/../lib/gcc/arm-none-eabi/5.4.1/../../../../arm-none-eabi/lib/armv6-m\libg_nano.a(lib_a-exit.o)
 .ARM.attributes
                0x00000523       0x2c c:/program files (x86)/cypress/psoc creator/4.3/psoc creator/import/gnu/arm/5.4.1/bin/../lib/gcc/arm-none-eabi/5.4.1/../../../../arm-none-eabi/lib/armv6-m\libg_nano.a(lib_a-impure.o)
 .ARM.attributes
                0x0000054f       0x2c c:/program files (x86)/cypress/psoc creator/4.3/psoc creator/import/gnu/arm/5.4.1/bin/../lib/gcc/arm-none-eabi/5.4.1/../../../../arm-none-eabi/lib/armv6-m\libg_nano.a(lib_a-init.o)
 .ARM.attributes
                0x0000057b       0x2c c:/program files (x86)/cypress/psoc creator/4.3/psoc creator/import/gnu/arm/5.4.1/bin/../lib/gcc/arm-none-eabi/5.4.1/../../../../arm-none-eabi/lib/armv6-m\libg_nano.a(lib_a-itoa.o)
 .ARM.attributes
                0x000005a7       0x2c c:/program files (x86)/cypress/psoc creator/4.3/psoc creator/import/gnu/arm/5.4.1/bin/../lib/gcc/arm-none-eabi/5.4.1/../../../../arm-none-eabi/lib/armv6-m\libg_nano.a(lib_a-memcpy-stub.o)
 .ARM.attributes
                0x000005d3       0x2c c:/program files (x86)/cypress/psoc creator/4.3/psoc creator/import/gnu/arm/5.4.1/bin/../lib/gcc/arm-none-eabi/5.4.1/../../../../arm-none-eabi/lib/armv6-m\libg_nano.a(lib_a-memset.o)
 .ARM.attributes
                0x000005ff       0x2c c:/program files (x86)/cypress/psoc creator/4.3/psoc creator/import/gnu/arm/5.4.1/bin/../lib/gcc/arm-none-eabi/5.4.1/../../../../arm-none-eabi/lib/armv6-m\libg_nano.a(lib_a-utoa.o)
 .ARM.attributes
                0x0000062b       0x2c c:/program files (x86)/cypress/psoc creator/4.3/psoc creator/import/gnu/arm/5.4.1/bin/../lib/gcc/arm-none-eabi/5.4.1/armv6-m/crtend.o
 .ARM.attributes
                0x00000657       0x1e c:/program files (x86)/cypress/psoc creator/4.3/psoc creator/import/gnu/arm/5.4.1/bin/../lib/gcc/arm-none-eabi/5.4.1/armv6-m/crtn.o

/DISCARD/
 *(.note.GNU-stack)
OUTPUT(C:\Users\SHOZO\Documents\PSoC Creator\STONE_VOICE\STONE_VOICE_2021.cydsn\CortexM0\ARM_GCC_541\Debug\STONE_VOICE_2021.elf elf32-littlearm)
